// Jest Snapshot v1, https://goo.gl/fbAQLP

exports[`creates a single page application 1`] = `
Object {
  "Parameters": Object {
    "AssetParameters19e461d2ff1a5b90438fed6ceee4c197d7efee8712a6f76d85b501ab20bfb1a2ArtifactHash652C125C": Object {
      "Description": "Artifact hash for asset \\"19e461d2ff1a5b90438fed6ceee4c197d7efee8712a6f76d85b501ab20bfb1a2\\"",
      "Type": "String",
    },
    "AssetParameters19e461d2ff1a5b90438fed6ceee4c197d7efee8712a6f76d85b501ab20bfb1a2S3BucketFCCD3A76": Object {
      "Description": "S3 bucket for asset \\"19e461d2ff1a5b90438fed6ceee4c197d7efee8712a6f76d85b501ab20bfb1a2\\"",
      "Type": "String",
    },
    "AssetParameters19e461d2ff1a5b90438fed6ceee4c197d7efee8712a6f76d85b501ab20bfb1a2S3VersionKey07AF06B6": Object {
      "Description": "S3 key for asset version \\"19e461d2ff1a5b90438fed6ceee4c197d7efee8712a6f76d85b501ab20bfb1a2\\"",
      "Type": "String",
    },
  },
  "Resources": Object {
    "MyDistributionCFDistributionDE147309": Object {
      "Properties": Object {
        "DistributionConfig": Object {
          "Aliases": Array [
            "test-site.example.com",
          ],
          "DefaultCacheBehavior": Object {
            "AllowedMethods": Array [
              "GET",
              "HEAD",
            ],
            "CachedMethods": Array [
              "GET",
              "HEAD",
            ],
            "Compress": true,
            "ForwardedValues": Object {
              "Cookies": Object {
                "Forward": "none",
              },
              "QueryString": false,
            },
            "TargetOriginId": "origin1",
            "ViewerProtocolPolicy": "redirect-to-https",
          },
          "DefaultRootObject": "index.html",
          "Enabled": true,
          "HttpVersion": "http2",
          "IPV6Enabled": true,
          "Origins": Array [
            Object {
              "DomainName": Object {
                "Fn::GetAtt": Array [
                  "spasiteBucket0C2DE9A5",
                  "RegionalDomainName",
                ],
              },
              "Id": "origin1",
              "S3OriginConfig": Object {},
            },
          ],
          "PriceClass": "PriceClass_100",
          "ViewerCertificate": Object {
            "AcmCertificateArn": Object {
              "Fn::GetAtt": Array [
                "httpsCertCertificateRequestorResourceF9444076",
                "Arn",
              ],
            },
            "MinimumProtocolVersion": "TLSv1.2_2018",
            "SslSupportMethod": "sni-only",
          },
        },
      },
      "Type": "AWS::CloudFront::Distribution",
    },
    "SiteAliasRecord3C0AF5BF": Object {
      "Properties": Object {
        "AliasTarget": Object {
          "DNSName": Object {
            "Fn::GetAtt": Array [
              "MyDistributionCFDistributionDE147309",
              "DomainName",
            ],
          },
          "HostedZoneId": "Z2FDTNDATAQYW2",
        },
        "HostedZoneId": Object {
          "Ref": "hostedZone861779BD",
        },
        "Name": "test-site.example.com.",
        "Type": "A",
      },
      "Type": "AWS::Route53::RecordSet",
    },
    "hostedZone861779BD": Object {
      "Properties": Object {
        "Name": "example.com.",
      },
      "Type": "AWS::Route53::HostedZone",
    },
    "httpsCertCertificateRequestorFunction9825D024": Object {
      "DependsOn": Array [
        "httpsCertCertificateRequestorFunctionServiceRoleDefaultPolicy434DCDC9",
        "httpsCertCertificateRequestorFunctionServiceRoleF6B1B640",
      ],
      "Properties": Object {
        "Code": Object {
          "S3Bucket": Object {
            "Ref": "AssetParameters19e461d2ff1a5b90438fed6ceee4c197d7efee8712a6f76d85b501ab20bfb1a2S3BucketFCCD3A76",
          },
          "S3Key": Object {
            "Fn::Join": Array [
              "",
              Array [
                Object {
                  "Fn::Select": Array [
                    0,
                    Object {
                      "Fn::Split": Array [
                        "||",
                        Object {
                          "Ref": "AssetParameters19e461d2ff1a5b90438fed6ceee4c197d7efee8712a6f76d85b501ab20bfb1a2S3VersionKey07AF06B6",
                        },
                      ],
                    },
                  ],
                },
                Object {
                  "Fn::Select": Array [
                    1,
                    Object {
                      "Fn::Split": Array [
                        "||",
                        Object {
                          "Ref": "AssetParameters19e461d2ff1a5b90438fed6ceee4c197d7efee8712a6f76d85b501ab20bfb1a2S3VersionKey07AF06B6",
                        },
                      ],
                    },
                  ],
                },
              ],
            ],
          },
        },
        "Handler": "index.certificateRequestHandler",
        "Role": Object {
          "Fn::GetAtt": Array [
            "httpsCertCertificateRequestorFunctionServiceRoleF6B1B640",
            "Arn",
          ],
        },
        "Runtime": "nodejs10.x",
        "Timeout": 900,
      },
      "Type": "AWS::Lambda::Function",
    },
    "httpsCertCertificateRequestorFunctionServiceRoleDefaultPolicy434DCDC9": Object {
      "Properties": Object {
        "PolicyDocument": Object {
          "Statement": Array [
            Object {
              "Action": Array [
                "acm:RequestCertificate",
                "acm:DescribeCertificate",
                "acm:DeleteCertificate",
              ],
              "Effect": "Allow",
              "Resource": "*",
            },
            Object {
              "Action": "route53:GetChange",
              "Effect": "Allow",
              "Resource": "*",
            },
            Object {
              "Action": "route53:changeResourceRecordSets",
              "Effect": "Allow",
              "Resource": Object {
                "Fn::Join": Array [
                  "",
                  Array [
                    "arn:",
                    Object {
                      "Ref": "AWS::Partition",
                    },
                    ":route53:::hostedzone/",
                    Object {
                      "Ref": "hostedZone861779BD",
                    },
                  ],
                ],
              },
            },
          ],
          "Version": "2012-10-17",
        },
        "PolicyName": "httpsCertCertificateRequestorFunctionServiceRoleDefaultPolicy434DCDC9",
        "Roles": Array [
          Object {
            "Ref": "httpsCertCertificateRequestorFunctionServiceRoleF6B1B640",
          },
        ],
      },
      "Type": "AWS::IAM::Policy",
    },
    "httpsCertCertificateRequestorFunctionServiceRoleF6B1B640": Object {
      "Properties": Object {
        "AssumeRolePolicyDocument": Object {
          "Statement": Array [
            Object {
              "Action": "sts:AssumeRole",
              "Effect": "Allow",
              "Principal": Object {
                "Service": "lambda.amazonaws.com",
              },
            },
          ],
          "Version": "2012-10-17",
        },
        "ManagedPolicyArns": Array [
          Object {
            "Fn::Join": Array [
              "",
              Array [
                "arn:",
                Object {
                  "Ref": "AWS::Partition",
                },
                ":iam::aws:policy/service-role/AWSLambdaBasicExecutionRole",
              ],
            ],
          },
        ],
      },
      "Type": "AWS::IAM::Role",
    },
    "httpsCertCertificateRequestorResourceF9444076": Object {
      "DeletionPolicy": "Delete",
      "Properties": Object {
        "DomainName": "*.example.com",
        "HostedZoneId": Object {
          "Ref": "hostedZone861779BD",
        },
        "Region": "us-east-1",
        "ServiceToken": Object {
          "Fn::GetAtt": Array [
            "httpsCertCertificateRequestorFunction9825D024",
            "Arn",
          ],
        },
      },
      "Type": "AWS::CloudFormation::CustomResource",
      "UpdateReplacePolicy": "Delete",
    },
    "spasiteBucket0C2DE9A5": Object {
      "DeletionPolicy": "Delete",
      "Properties": Object {
        "BucketName": "spa-cloudfrontspa",
      },
      "Type": "AWS::S3::Bucket",
      "UpdateReplacePolicy": "Delete",
    },
  },
}
`;
